// Jest Snapshot v1, https://goo.gl/fbAQLP

exports[`<AddToCartPicker /> should render the component as expected 1`] = `
<Provider
  store={
    Object {
      "clearActions": [Function],
      "dispatch": [Function],
      "getActions": [Function],
      "getState": [Function],
      "replaceReducer": [Function],
      "subscribe": [Function],
    }
  }
>
  <AddToCartPicker
    buttonProps={Object {}}
    clickDelay={150}
    handleAddToCart={[MockFunction]}
    productId="1337"
    stock={
      Object {
        "ignoreQuantity": false,
        "info": "Info",
        "maxOrderQuantity": 1000,
        "minOrderQuantity": 1,
        "orderable": true,
        "quantity": 4,
      }
    }
  >
    <Picker
      buttonComponent={[Function]}
      buttonProps={
        Object {
          "addedQuantity": 0,
          "className": null,
          "handleAddToCart": [Function],
          "hasLoading": true,
          "isDisabled": false,
          "isLoading": false,
          "isOrderable": true,
          "noShadow": false,
          "onClick": [Function],
          "type": "default",
        }
      }
      className="css-ibd9un"
      disabled={false}
      duration={300}
      isOpen={false}
      items={
        Array [
          Object {
            "label": "1",
            "value": 1,
          },
          Object {
            "label": "2",
            "value": 2,
          },
          Object {
            "label": "3",
            "value": 3,
          },
          Object {
            "label": "4",
            "value": 4,
          },
        ]
      }
      label=""
      listComponent={[Function]}
      modalComponent={[Function]}
      onChange={[Function]}
      onClick={[Function]}
      onClose={[Function]}
      onSelect={[Function]}
      placeholder="Pick ..."
      value={null}
    >
      <div
        className="css-ibd9un"
      >
        <PickerAddToCartButton
          addedQuantity={0}
          className={null}
          disabled={false}
          handleAddToCart={[Function]}
          hasLoading={true}
          isDisabled={false}
          isLoading={false}
          isOrderable={true}
          label="Pick ..."
          noShadow={false}
          onClick={[Function]}
          openList={[Function]}
          type="default"
          value=""
        >
          <button
            data-test-id="addToCartButton"
            onClick={[Function]}
          />
        </PickerAddToCartButton>
        <Component
          isOpened={true}
          onClose={[Function]}
        >
          <Component
            duration={300}
            isOpen={false}
            onClose={[Function]}
          >
            <Component
              duration={300}
              isOpen={false}
              onClose={[Function]}
              title="grouped_products.add_to_cart_picker.headline"
            >
              <Component
                items={
                  Array [
                    Object {
                      "disabled": false,
                      "label": "1",
                      "value": 1,
                    },
                    Object {
                      "disabled": false,
                      "label": "2",
                      "value": 2,
                    },
                    Object {
                      "disabled": false,
                      "label": "3",
                      "value": 3,
                    },
                    Object {
                      "disabled": false,
                      "label": "4",
                      "value": 4,
                    },
                  ]
                }
                onSelect={[Function]}
                selectedIndex={-1}
              >
                <List>
                  <List
                    className=""
                  >
                    <ul
                      className=""
                    >
                      <ListItem
                        className="css-17flzkh"
                        isSelected={false}
                        key="child-0/.$1"
                      >
                        <li
                          className="css-1p5q8vq css-17flzkh css-16gj3o1"
                          data-test-id="listItem"
                        >
                          <div
                            className="css-1nnz83b"
                          >
                            <Item
                              className={null}
                              image={null}
                              isDisabled={false}
                              isSelected={false}
                              key="1"
                              link={null}
                              onClick={[Function]}
                              rightComponent={null}
                              testId={null}
                              title="1"
                            >
                              <div
                                aria-hidden={true}
                                data-test-id={null}
                                onClick={[Function]}
                              >
                                <Glow
                                  className={null}
                                  color="#f7f7f7"
                                  styles={
                                    Object {
                                      "container": null,
                                      "glow": null,
                                    }
                                  }
                                >
                                  <div
                                    aria-hidden={true}
                                    className="css-13azwyo"
                                    onClick={[Function]}
                                    style={null}
                                  >
                                    <div
                                      className="css-1bmd5dz"
                                      style={Object {}}
                                    />
                                    <Grid
                                      className="css-1qcr7hz"
                                      component="div"
                                      wrap={false}
                                    >
                                      <div
                                        className="css-1qcr7hz css-h7r55a"
                                      >
                                        <div
                                          className="css-jwxytc"
                                        />
                                        <GridItem
                                          className="css-10fxwvh"
                                          component="div"
                                          grow={1}
                                          shrink={1}
                                        >
                                          <div
                                            className="css-10fxwvh css-1gs0ko2"
                                          >
                                            1
                                          </div>
                                        </GridItem>
                                      </div>
                                    </Grid>
                                  </div>
                                </Glow>
                              </div>
                            </Item>
                          </div>
                        </li>
                      </ListItem>
                      <ListItem
                        className="css-17flzkh"
                        isSelected={false}
                        key="child-1/.$2"
                      >
                        <li
                          className="css-1p5q8vq css-17flzkh css-16gj3o1"
                          data-test-id="listItem"
                        >
                          <div
                            className="css-1nnz83b"
                          >
                            <Item
                              className={null}
                              image={null}
                              isDisabled={false}
                              isSelected={false}
                              key="2"
                              link={null}
                              onClick={[Function]}
                              rightComponent={null}
                              testId={null}
                              title="2"
                            >
                              <div
                                aria-hidden={true}
                                data-test-id={null}
                                onClick={[Function]}
                              >
                                <Glow
                                  className={null}
                                  color="#f7f7f7"
                                  styles={
                                    Object {
                                      "container": null,
                                      "glow": null,
                                    }
                                  }
                                >
                                  <div
                                    aria-hidden={true}
                                    className="css-13azwyo"
                                    onClick={[Function]}
                                    style={null}
                                  >
                                    <div
                                      className="css-1bmd5dz"
                                      style={Object {}}
                                    />
                                    <Grid
                                      className="css-1qcr7hz"
                                      component="div"
                                      wrap={false}
                                    >
                                      <div
                                        className="css-1qcr7hz css-h7r55a"
                                      >
                                        <div
                                          className="css-jwxytc"
                                        />
                                        <GridItem
                                          className="css-10fxwvh"
                                          component="div"
                                          grow={1}
                                          shrink={1}
                                        >
                                          <div
                                            className="css-10fxwvh css-1gs0ko2"
                                          >
                                            2
                                          </div>
                                        </GridItem>
                                      </div>
                                    </Grid>
                                  </div>
                                </Glow>
                              </div>
                            </Item>
                          </div>
                        </li>
                      </ListItem>
                      <ListItem
                        className="css-17flzkh"
                        isSelected={false}
                        key="child-2/.$3"
                      >
                        <li
                          className="css-1p5q8vq css-17flzkh css-16gj3o1"
                          data-test-id="listItem"
                        >
                          <div
                            className="css-1nnz83b"
                          >
                            <Item
                              className={null}
                              image={null}
                              isDisabled={false}
                              isSelected={false}
                              key="3"
                              link={null}
                              onClick={[Function]}
                              rightComponent={null}
                              testId={null}
                              title="3"
                            >
                              <div
                                aria-hidden={true}
                                data-test-id={null}
                                onClick={[Function]}
                              >
                                <Glow
                                  className={null}
                                  color="#f7f7f7"
                                  styles={
                                    Object {
                                      "container": null,
                                      "glow": null,
                                    }
                                  }
                                >
                                  <div
                                    aria-hidden={true}
                                    className="css-13azwyo"
                                    onClick={[Function]}
                                    style={null}
                                  >
                                    <div
                                      className="css-1bmd5dz"
                                      style={Object {}}
                                    />
                                    <Grid
                                      className="css-1qcr7hz"
                                      component="div"
                                      wrap={false}
                                    >
                                      <div
                                        className="css-1qcr7hz css-h7r55a"
                                      >
                                        <div
                                          className="css-jwxytc"
                                        />
                                        <GridItem
                                          className="css-10fxwvh"
                                          component="div"
                                          grow={1}
                                          shrink={1}
                                        >
                                          <div
                                            className="css-10fxwvh css-1gs0ko2"
                                          >
                                            3
                                          </div>
                                        </GridItem>
                                      </div>
                                    </Grid>
                                  </div>
                                </Glow>
                              </div>
                            </Item>
                          </div>
                        </li>
                      </ListItem>
                      <ListItem
                        className="css-17flzkh"
                        isSelected={false}
                        key="child-3/.$4"
                      >
                        <li
                          className="css-1p5q8vq css-17flzkh css-16gj3o1"
                          data-test-id="listItem"
                        >
                          <div
                            className="css-1nnz83b"
                          >
                            <Item
                              className={null}
                              image={null}
                              isDisabled={false}
                              isSelected={false}
                              key="4"
                              link={null}
                              onClick={[Function]}
                              rightComponent={null}
                              testId={null}
                              title="4"
                            >
                              <div
                                aria-hidden={true}
                                data-test-id={null}
                                onClick={[Function]}
                              >
                                <Glow
                                  className={null}
                                  color="#f7f7f7"
                                  styles={
                                    Object {
                                      "container": null,
                                      "glow": null,
                                    }
                                  }
                                >
                                  <div
                                    aria-hidden={true}
                                    className="css-13azwyo"
                                    onClick={[Function]}
                                    style={null}
                                  >
                                    <div
                                      className="css-1bmd5dz"
                                      style={Object {}}
                                    />
                                    <Grid
                                      className="css-1qcr7hz"
                                      component="div"
                                      wrap={false}
                                    >
                                      <div
                                        className="css-1qcr7hz css-h7r55a"
                                      >
                                        <div
                                          className="css-jwxytc"
                                        />
                                        <GridItem
                                          className="css-10fxwvh"
                                          component="div"
                                          grow={1}
                                          shrink={1}
                                        >
                                          <div
                                            className="css-10fxwvh css-1gs0ko2"
                                          >
                                            4
                                          </div>
                                        </GridItem>
                                      </div>
                                    </Grid>
                                  </div>
                                </Glow>
                              </div>
                            </Item>
                          </div>
                        </li>
                      </ListItem>
                    </ul>
                  </List>
                </List>
              </Component>
            </Component>
          </Component>
        </Component>
      </div>
    </Picker>
  </AddToCartPicker>
</Provider>
`;
