// Jest Snapshot v1, https://goo.gl/fbAQLP

exports[`GroupedProducts should render 1`] = `
<Provider
  store={
    Object {
      "clearActions": [Function],
      "dispatch": [Function],
      "getActions": [Function],
      "getState": [Function],
      "replaceReducer": [Function],
      "subscribe": [Function],
    }
  }
>
  <GroupedProductsWrapper>
    <div>
      <Connect(Component)
        conditioner={Object {}}
        productId="mock"
      >
        <Component
          conditioner={Object {}}
          dispatch={[Function]}
          productId="mock"
          products={Array []}
        >
          <Component
            conditioner={Object {}}
            products={Array []}
          >
            <div>
              GroupedProducts
            </div>
          </Component>
        </Component>
      </Connect(Component)>
    </div>
  </GroupedProductsWrapper>
</Provider>
`;
