// Jest Snapshot v1, https://goo.gl/fbAQLP

exports[`<ProductHeader /> should not render when isRendered is false 1`] = `""`;

exports[`<ProductHeader /> should render when isRendered is true 1`] = `
<div
  className={
    Object {
      "data-css-i93p5x": "",
    }
  }
>
  <Connect(Rating) />
</div>
`;
