// Jest Snapshot v1, https://goo.gl/fbAQLP

exports[`<GroupedProducts /> should not render if there is no products 1`] = `""`;

exports[`<GroupedProducts /> should render if there are products 1`] = `
<List
  className="css-5bomak"
>
  <ListItem
    className="css-izecxm"
    isSelected={false}
    key="1234"
  >
    <Connect(Product)
      product={
        Object {
          "id": "1234",
        }
      }
    />
  </ListItem>
  <ListItem
    className="css-izecxm"
    isSelected={false}
    key="1337"
  >
    <Connect(Product)
      product={
        Object {
          "id": "1337",
        }
      }
    />
  </ListItem>
</List>
`;
