// Jest Snapshot v1, https://goo.gl/fbAQLP

exports[`<AddToCartButton /> should render as expected 1`] = `
<PickerAddToCartButton
  addedQuantity={0}
  handleAddToCart={[Function]}
  isDisabled={false}
  isLoading={false}
  isOrderable={true}
  noShadow={true}
  openList={[MockFunction]}
>
  <button
    data-test-id="addToCartButton"
    onClick={[Function]}
  />
</PickerAddToCartButton>
`;
