// Jest Snapshot v1, https://goo.gl/fbAQLP

exports[`<GroupedProducts /> should not render when no grouped products are available 1`] = `
<Provider
  store={
    Object {
      "clearActions": [Function],
      "dispatch": [Function],
      "getActions": [Function],
      "getState": [Function],
      "replaceReducer": [Function],
      "subscribe": [Function],
    }
  }
>
  <Connect(GroupedProducts)>
    <GroupedProducts
      dispatch={[Function]}
      products={Array []}
    />
  </Connect(GroupedProducts)>
</Provider>
`;

exports[`<GroupedProducts /> should render when grouped products are available 1`] = `
<Provider
  store={
    Object {
      "clearActions": [Function],
      "dispatch": [Function],
      "getActions": [Function],
      "getState": [Function],
      "replaceReducer": [Function],
      "subscribe": [Function],
    }
  }
>
  <Connect(GroupedProducts)>
    <GroupedProducts
      dispatch={[Function]}
      products={Array []}
    />
  </Connect(GroupedProducts)>
</Provider>
`;
